// Jest Snapshot v1, https://goo.gl/fbAQLP

exports[`Groups resolver gets user groups 1`] = `
Object {
  "data": Object {
    "currentUser": Object {
      "profile": null,
    },
  },
  "errors": Array [
    [GraphQLError: Cannot read property 'getFromId' of undefined],
  ],
}
`;
